kotlin version: 2.1.10
error message: org.jetbrains.kotlin.codegen.CompilationException: Back-end (JVM) Internal error: Couldn't transform method node:
corsConfigurationSource (Ljava/util/List;)Lorg/springframework/web/cors/CorsConfigurationSource;:
    // parameter  allowedOrigins
  @Lorg/springframework/context/annotation/Bean;()
  @Lorg/jetbrains/annotations/NotNull;() // invisible
    // annotable parameter count: 1 (visible)
    @Lorg/springframework/beans/factory/annotation/Value;(value="${taspa.cors.allowed-origins:}") // parameter 0
    // annotable parameter count: 1 (invisible)
    @Lorg/jetbrains/annotations/NotNull;() // invisible, parameter 0
   L0
    ALOAD 1
    LDC "allowedOrigins"
    INVOKESTATIC kotlin/jvm/internal/Intrinsics.checkNotNullParameter (Ljava/lang/Object;Ljava/lang/String;)V
   L1
    LINENUMBER 26 L1
    ALOAD 1
    CHECKCAST java/lang/Iterable
    ASTORE 3
   L2
    ICONST_0
    ISTORE 4
   L3
    LINENUMBER 49 L3
    ALOAD 3
    ASTORE 5
    NEW java/util/ArrayList
    DUP
    ALOAD 3
    BIPUSH 10
    INVOKESTATIC kotlin/collections/CollectionsKt.collectionSizeOrDefault (Ljava/lang/Iterable;I)I
    INVOKESPECIAL java/util/ArrayList.<init> (I)V
    CHECKCAST java/util/Collection
    ASTORE 6
   L4
    ICONST_0
    ISTORE 7
   L5
    LINENUMBER 50 L5
    ALOAD 5
    INVOKEINTERFACE java/lang/Iterable.iterator ()Ljava/util/Iterator; (itf)
    ASTORE 8
   L6
    ALOAD 8
    INVOKEINTERFACE java/util/Iterator.hasNext ()Z (itf)
    IFEQ L7
    ALOAD 8
    INVOKEINTERFACE java/util/Iterator.next ()Ljava/lang/Object; (itf)
    ASTORE 9
   L8
    LINENUMBER 51 L8
    ALOAD 6
    ALOAD 9
    CHECKCAST java/lang/String
    ASTORE 10
    ASTORE 12
   L9
    ICONST_0
    ISTORE 11
   L10
    NOP
   L11
    LINENUMBER 26 L11
    ALOAD 10
    CHECKCAST java/lang/CharSequence
    INVOKESTATIC kotlin/text/StringsKt.trim (Ljava/lang/CharSequence;)Ljava/lang/CharSequence;
    INVOKEVIRTUAL java/lang/Object.toString ()Ljava/lang/String;
    GOTO L12
   L12
    LINENUMBER 26 L12
    GOTO L13
   L13
    ALOAD 12
    SWAP
   L14
    LINENUMBER 51 L14
    INVOKEINTERFACE java/util/Collection.add (Ljava/lang/Object;)Z (itf)
    POP
   L15
    GOTO L6
   L7
    LINENUMBER 52 L7
    ALOAD 6
   L16
    CHECKCAST java/util/List
   L17
    LINENUMBER 49 L17
    GOTO L18
   L18
    CHECKCAST java/lang/Iterable
    ASTORE 3
   L19
    LINENUMBER 26 L19
    NOP
   L20
    ICONST_0
    ISTORE 4
   L21
    LINENUMBER 53 L21
    ALOAD 3
    ASTORE 5
    NEW java/util/ArrayList
    DUP
    INVOKESPECIAL java/util/ArrayList.<init> ()V
    CHECKCAST java/util/Collection
    ASTORE 6
   L22
    ICONST_0
    ISTORE 7
   L23
    LINENUMBER 54 L23
    ALOAD 5
    INVOKEINTERFACE java/lang/Iterable.iterator ()Ljava/util/Iterator; (itf)
    ASTORE 8
   L24
    ALOAD 8
    INVOKEINTERFACE java/util/Iterator.hasNext ()Z (itf)
    IFEQ L25
    ALOAD 8
    INVOKEINTERFACE java/util/Iterator.next ()Ljava/lang/Object; (itf)
    ASTORE 9
   L26
    ALOAD 9
    CHECKCAST java/lang/String
    ASTORE 10
   L27
    ICONST_0
    ISTORE 11
   L28
    NOP
   L29
    LINENUMBER 26 L29
    ALOAD 10
    CHECKCAST java/lang/CharSequence
    INVOKEINTERFACE java/lang/CharSequence.length ()I (itf)
    IFLE L30
    ICONST_1
    GOTO L31
   L30
    ICONST_0
   L31
    GOTO L32
   L32
    LINENUMBER 26 L32
    GOTO L33
   L33
   L34
    LINENUMBER 54 L34
    IFEQ L24
    ALOAD 6
    ALOAD 9
    INVOKEINTERFACE java/util/Collection.add (Ljava/lang/Object;)Z (itf)
    POP
   L35
    GOTO L24
   L25
    LINENUMBER 55 L25
    ALOAD 6
   L36
    CHECKCAST java/util/List
   L37
    LINENUMBER 53 L37
    GOTO L38
   L38
   L39
    LINENUMBER 26 L39
    ASTORE 2
   L40
    LINENUMBER 29 L40
    LDC Lcom/taspa/server/config/CorsConfig;.class
    INVOKESTATIC org/slf4j/LoggerFactory.getLogger (Ljava/lang/Class;)Lorg/slf4j/Logger;
   L41
    LINENUMBER 30 L41
    LDC "CORS allowed origins: {}"
    ALOAD 2
    INVOKEINTERFACE java/util/List.isEmpty ()Z (itf)
    IFEQ L42
    LDC "(none \u2014 cross-origin denied)"
    GOTO L43
   L42
    ALOAD 2
   L43
    INVOKEINTERFACE org/slf4j/Logger.info (Ljava/lang/String;Ljava/lang/Object;)V (itf)
   L44
    LINENUMBER 31 L44
    NEW org/springframework/web/cors/CorsConfiguration
    DUP
    INVOKESPECIAL org/springframework/web/cors/CorsConfiguration.<init> ()V
    ASTORE 4
    ALOAD 4
    ASTORE 5
   L45
    ICONST_0
    ISTORE 6
   L46
    LINENUMBER 32 L46
    ALOAD 5
    ALOAD 2
    INVOKEVIRTUAL org/springframework/web/cors/CorsConfiguration.setAllowedOrigins (Ljava/util/List;)V
   L47
    LINENUMBER 38 L47
    ALOAD 5
    BIPUSH 6
    ANEWARRAY java/lang/String
    ASTORE 7
    ALOAD 7
    ICONST_0
    LDC "GET"
    AASTORE
    ALOAD 7
    ICONST_1
    LDC "POST"
    AASTORE
    ALOAD 7
    ICONST_2
    LDC "PUT"
    AASTORE
    ALOAD 7
    ICONST_3
    LDC "PATCH"
    AASTORE
    ALOAD 7
    ICONST_4
    LDC "DELETE"
    AASTORE
    ALOAD 7
    ICONST_5
    LDC "OPTIONS"
    AASTORE
    ALOAD 7
    INVOKESTATIC kotlin/collections/CollectionsKt.listOf ([Ljava/lang/Object;)Ljava/util/List;
    INVOKEVIRTUAL org/springframework/web/cors/CorsConfiguration.setAllowedMethods (Ljava/util/List;)V
   L48
    LINENUMBER 39 L48
    ALOAD 5
    LDC "*"
    INVOKESTATIC kotlin/collections/CollectionsKt.listOf (Ljava/lang/Object;)Ljava/util/List;
    INVOKEVIRTUAL org/springframework/web/cors/CorsConfiguration.setAllowedHeaders (Ljava/util/List;)V
   L49
    LINENUMBER 41 L49
    ALOAD 5
    ICONST_1
    INVOKESTATIC java/lang/Boolean.valueOf (Z)Ljava/lang/Boolean;
    INVOKEVIRTUAL org/springframework/web/cors/CorsConfiguration.setAllowCredentials (Ljava/lang/Boolean;)V
   L50
    LINENUMBER 42 L50
    GOTO L51
   L51
    NOP
   L52
    LINENUMBER 31 L52
    NOP
    ALOAD 4
    GOTO L53
   L53
    LINENUMBER 31 L53
    ASTORE 3
   L54
    LINENUMBER 43 L54
    NEW org/springframework/web/cors/UrlBasedCorsConfigurationSource
    DUP
    INVOKESPECIAL org/springframework/web/cors/UrlBasedCorsConfigurationSource.<init> ()V
    ASTORE 4
    ALOAD 4
    ASTORE 5
   L55
    ICONST_0
    ISTORE 6
   L56
    LINENUMBER 44 L56
    ALOAD 5
    LDC "/**"
    ALOAD 3
    INVOKEVIRTUAL org/springframework/web/cors/UrlBasedCorsConfigurationSource.registerCorsConfiguration (Ljava/lang/String;Lorg/springframework/web/cors/CorsConfiguration;)V
   L57
    LINENUMBER 45 L57
    GOTO L58
   L58
    NOP
   L59
    LINENUMBER 43 L59
    NOP
    ALOAD 4
    GOTO L60
   L60
    CHECKCAST org/springframework/web/cors/CorsConfigurationSource
   L61
    LINENUMBER 43 L61
    ARETURN
   L62
    LOCALVARIABLE $i$a$-map-CorsConfig$corsConfigurationSource$origins$1 I L10 L13 11
    LOCALVARIABLE it Ljava/lang/String; L9 L13 10
    LOCALVARIABLE item$iv$iv Ljava/lang/Object; L8 L15 9
    LOCALVARIABLE $i$f$mapTo I L5 L16 7
    LOCALVARIABLE $this$mapTo$iv$iv Ljava/lang/Iterable; L4 L16 5
    LOCALVARIABLE destination$iv$iv Ljava/util/Collection; L4 L16 6
    LOCALVARIABLE $i$f$map I L3 L18 4
    LOCALVARIABLE $this$map$iv Ljava/lang/Iterable; L2 L18 3
    LOCALVARIABLE $i$a$-filter-CorsConfig$corsConfigurationSource$origins$2 I L28 L33 11
    LOCALVARIABLE it Ljava/lang/String; L27 L33 10
    LOCALVARIABLE element$iv$iv Ljava/lang/Object; L26 L35 9
    LOCALVARIABLE $i$f$filterTo I L23 L36 7
    LOCALVARIABLE $this$filterTo$iv$iv Ljava/lang/Iterable; L22 L36 5
    LOCALVARIABLE destination$iv$iv Ljava/util/Collection; L22 L36 6
    LOCALVARIABLE $i$f$filter I L21 L38 4
    LOCALVARIABLE $this$filter$iv Ljava/lang/Iterable; L20 L38 3
    LOCALVARIABLE $i$a$-apply-CorsConfig$corsConfigurationSource$config$1 I L46 L51 6
    LOCALVARIABLE $this$corsConfigurationSource_u24lambda_u242 Lorg/springframework/web/cors/CorsConfiguration; L45 L51 5
    LOCALVARIABLE $i$a$-apply-CorsConfig$corsConfigurationSource$1 I L56 L58 6
    LOCALVARIABLE $this$corsConfigurationSource_u24lambda_u243 Lorg/springframework/web/cors/UrlBasedCorsConfigurationSource; L55 L58 5
    LOCALVARIABLE origins Ljava/util/List; L40 L62 2
    LOCALVARIABLE config Lorg/springframework/web/cors/CorsConfiguration; L54 L62 3
    LOCALVARIABLE this Lcom/taspa/server/config/CorsConfig; L0 L62 0
    LOCALVARIABLE allowedOrigins Ljava/util/List; L0 L62 1
    MAXSTACK = 4
    MAXLOCALS = 14

File is unknown
The root cause java.lang.OutOfMemoryError was thrown at: org.jetbrains.org.objectweb.asm.tree.analysis.SmallSet.iterator(SmallSet.java:90)
	at org.jetbrains.kotlin.codegen.TransformationMethodVisitor.visitEnd(TransformationMethodVisitor.kt:89)
	at org.jetbrains.org.objectweb.asm.MethodVisitor.visitEnd(MethodVisitor.java:783)
	at org.jetbrains.org.objectweb.asm.tree.MethodNode.accept(MethodNode.java:772)
	at org.jetbrains.kotlin.backend.jvm.codegen.ClassCodegen.generateMethod(ClassCodegen.kt:454)
	at org.jetbrains.kotlin.backend.jvm.codegen.ClassCodegen.generate(ClassCodegen.kt:169)
	at org.jetbrains.kotlin.backend.jvm.FileCodegen.lower(JvmPhases.kt:39)
	at org.jetbrains.kotlin.backend.common.phaser.PhaseFactoriesKt.createFilePhase$lambda$4(PhaseFactories.kt:71)
	at org.jetbrains.kotlin.backend.common.phaser.PhaseBuildersKt$createSimpleNamedCompilerPhase$1.phaseBody(PhaseBuilders.kt:69)
	at org.jetbrains.kotlin.backend.common.phaser.SimpleNamedCompilerPhase.phaseBody(CompilerPhase.kt:226)
	at org.jetbrains.kotlin.backend.common.phaser.AbstractNamedCompilerPhase.invoke(CompilerPhase.kt:113)
	at org.jetbrains.kotlin.backend.common.phaser.PerformByIrFilePhase.invokeSequential(performByIrFile.kt:52)
	at org.jetbrains.kotlin.backend.common.phaser.PerformByIrFilePhase.invoke(performByIrFile.kt:42)
	at org.jetbrains.kotlin.backend.common.phaser.PerformByIrFilePhase.invoke(performByIrFile.kt:28)
	at org.jetbrains.kotlin.backend.common.phaser.NamedCompilerPhase.phaseBody(CompilerPhase.kt:166)
	at org.jetbrains.kotlin.backend.common.phaser.AbstractNamedCompilerPhase.invoke(CompilerPhase.kt:113)
	at org.jetbrains.kotlin.backend.common.phaser.CompositePhase.invoke(PhaseBuilders.kt:27)
	at org.jetbrains.kotlin.backend.common.phaser.CompositePhase.invoke(PhaseBuilders.kt:14)
	at org.jetbrains.kotlin.backend.common.phaser.NamedCompilerPhase.phaseBody(CompilerPhase.kt:166)
	at org.jetbrains.kotlin.backend.common.phaser.AbstractNamedCompilerPhase.invoke(CompilerPhase.kt:113)
	at org.jetbrains.kotlin.backend.common.phaser.CompilerPhaseKt.invokeToplevel(CompilerPhase.kt:62)
	at org.jetbrains.kotlin.backend.jvm.JvmIrCodegenFactory.invokeCodegen(JvmIrCodegenFactory.kt:371)
	at org.jetbrains.kotlin.codegen.CodegenFactory.generateModule(CodegenFactory.kt:47)
	at org.jetbrains.kotlin.backend.jvm.JvmIrCodegenFactory.generateModuleInFrontendIRMode(JvmIrCodegenFactory.kt:433)
	at org.jetbrains.kotlin.cli.jvm.compiler.pipeline.JvmCompilerPipelineKt.generateCodeFromIr(jvmCompilerPipeline.kt:192)
	at org.jetbrains.kotlin.cli.jvm.compiler.pipeline.JvmCompilerPipelineKt.runBackend(jvmCompilerPipeline.kt:80)
	at org.jetbrains.kotlin.cli.jvm.compiler.pipeline.JvmCompilerPipelineLightTreeKt.compileModule(jvmCompilerPipelineLightTree.kt:264)
	at org.jetbrains.kotlin.cli.jvm.compiler.pipeline.JvmCompilerPipelineLightTreeKt.compileSingleModuleUsingFrontendIrAndLightTree(jvmCompilerPipelineLightTree.kt:231)
	at org.jetbrains.kotlin.cli.jvm.compiler.pipeline.JvmCompilerPipelineLightTreeKt.compileModulesUsingFrontendIrAndLightTree(jvmCompilerPipelineLightTree.kt:86)
	at org.jetbrains.kotlin.cli.jvm.K2JVMCompiler.doExecute(K2JVMCompiler.kt:146)
	at org.jetbrains.kotlin.cli.jvm.K2JVMCompiler.doExecute(K2JVMCompiler.kt:43)
	at org.jetbrains.kotlin.cli.common.CLICompiler.execImpl(CLICompiler.kt:102)
	at org.jetbrains.kotlin.cli.common.CLICompiler.exec(CLICompiler.kt:316)
	at org.jetbrains.kotlin.incremental.IncrementalJvmCompilerRunner.runCompiler(IncrementalJvmCompilerRunner.kt:464)
	at org.jetbrains.kotlin.incremental.IncrementalJvmCompilerRunner.runCompiler(IncrementalJvmCompilerRunner.kt:73)
	at org.jetbrains.kotlin.incremental.IncrementalCompilerRunner.doCompile(IncrementalCompilerRunner.kt:506)
	at org.jetbrains.kotlin.incremental.IncrementalCompilerRunner.compileImpl(IncrementalCompilerRunner.kt:423)
	at org.jetbrains.kotlin.incremental.IncrementalCompilerRunner.compileNonIncrementally(IncrementalCompilerRunner.kt:301)
	at org.jetbrains.kotlin.incremental.IncrementalCompilerRunner.compile(IncrementalCompilerRunner.kt:129)
	at org.jetbrains.kotlin.daemon.CompileServiceImplBase.execIncrementalCompiler(CompileServiceImpl.kt:683)
	at org.jetbrains.kotlin.daemon.CompileServiceImplBase.access$execIncrementalCompiler(CompileServiceImpl.kt:91)
	at org.jetbrains.kotlin.daemon.CompileServiceImpl.compile(CompileServiceImpl.kt:1811)
	at java.base/jdk.internal.reflect.DirectMethodHandleAccessor.invoke(DirectMethodHandleAccessor.java:103)
	at java.base/java.lang.reflect.Method.invoke(Method.java:580)
	at java.rmi/sun.rmi.server.UnicastServerRef.dispatch(UnicastServerRef.java:360)
	at java.rmi/sun.rmi.transport.Transport$1.run(Transport.java:200)
	at java.rmi/sun.rmi.transport.Transport$1.run(Transport.java:197)
	at java.base/java.security.AccessController.doPrivileged(AccessController.java:714)
	at java.rmi/sun.rmi.transport.Transport.serviceCall(Transport.java:196)
	at java.rmi/sun.rmi.transport.tcp.TCPTransport.handleMessages(TCPTransport.java:598)
	at java.rmi/sun.rmi.transport.tcp.TCPTransport$ConnectionHandler.run0(TCPTransport.java:844)
	at java.rmi/sun.rmi.transport.tcp.TCPTransport$ConnectionHandler.lambda$run$0(TCPTransport.java:721)
	at java.base/java.security.AccessController.doPrivileged(AccessController.java:400)
	at java.rmi/sun.rmi.transport.tcp.TCPTransport$ConnectionHandler.run(TCPTransport.java:720)
	at java.base/java.util.concurrent.ThreadPoolExecutor.runWorker(ThreadPoolExecutor.java:1144)
	at java.base/java.util.concurrent.ThreadPoolExecutor$Worker.run(ThreadPoolExecutor.java:642)
	at java.base/java.lang.Thread.run(Thread.java:1583)
Caused by: java.lang.OutOfMemoryError: Java heap space
	at org.jetbrains.org.objectweb.asm.tree.analysis.SmallSet.iterator(SmallSet.java:90)
	at org.jetbrains.kotlin.codegen.optimization.boxing.PopBackwardPropagationTransformer$Transformer.markAsDontTouch(PopBackwardPropagationTransformer.kt:204)
	at org.jetbrains.kotlin.codegen.optimization.boxing.PopBackwardPropagationTransformer$Transformer.access$markAsDontTouch(PopBackwardPropagationTransformer.kt:45)
	at org.jetbrains.kotlin.codegen.optimization.boxing.PopBackwardPropagationTransformer$Transformer$HazardsTrackingInterpreter.naryOperation(PopBackwardPropagationTransformer.kt:100)
	at org.jetbrains.kotlin.codegen.optimization.boxing.PopBackwardPropagationTransformer$Transformer$HazardsTrackingInterpreter.naryOperation(PopBackwardPropagationTransformer.kt:97)
	at org.jetbrains.org.objectweb.asm.tree.analysis.Frame.executeInvokeInsn(Frame.java:648)
	at org.jetbrains.org.objectweb.asm.tree.analysis.Frame.execute(Frame.java:573)
	at org.jetbrains.kotlin.codegen.optimization.common.FastAnalyzer.analyzeInstruction(FastAnalyzer.kt:111)
	at org.jetbrains.kotlin.codegen.optimization.common.FastAnalyzer.analyzeMainLoop(FastAnalyzer.kt:74)
	at org.jetbrains.kotlin.codegen.optimization.common.FastAnalyzer.analyze(FastAnalyzer.kt:53)
	at org.jetbrains.kotlin.codegen.optimization.boxing.PopBackwardPropagationTransformer$Transformer.transform(PopBackwardPropagationTransformer.kt:58)
	at org.jetbrains.kotlin.codegen.optimization.boxing.PopBackwardPropagationTransformer.transform(PopBackwardPropagationTransformer.kt:41)
	at org.jetbrains.kotlin.codegen.optimization.transformer.CompositeMethodTransformer.transform(CompositeMethodTransformer.kt:25)
	at org.jetbrains.kotlin.codegen.optimization.OptimizationMethodVisitor.performTransformations(OptimizationMethodVisitor.kt:74)
	at org.jetbrains.kotlin.codegen.TransformationMethodVisitor.visitEnd(TransformationMethodVisitor.kt:67)
	at org.jetbrains.org.objectweb.asm.MethodVisitor.visitEnd(MethodVisitor.java:783)
	at org.jetbrains.org.objectweb.asm.tree.MethodNode.accept(MethodNode.java:772)
	at org.jetbrains.kotlin.backend.jvm.codegen.ClassCodegen.generateMethod(ClassCodegen.kt:454)
	at org.jetbrains.kotlin.backend.jvm.codegen.ClassCodegen.generate(ClassCodegen.kt:169)
	at org.jetbrains.kotlin.backend.jvm.FileCodegen.lower(JvmPhases.kt:39)
	at org.jetbrains.kotlin.backend.common.phaser.PhaseFactoriesKt.createFilePhase$lambda$4(PhaseFactories.kt:71)
	at org.jetbrains.kotlin.backend.common.phaser.PhaseFactoriesKt$$Lambda/0x000000e00135e5b0.invoke(Unknown Source)
	at org.jetbrains.kotlin.backend.common.phaser.PhaseBuildersKt$createSimpleNamedCompilerPhase$1.phaseBody(PhaseBuilders.kt:69)
	at org.jetbrains.kotlin.backend.common.phaser.SimpleNamedCompilerPhase.phaseBody(CompilerPhase.kt:226)
	at org.jetbrains.kotlin.backend.common.phaser.AbstractNamedCompilerPhase.invoke(CompilerPhase.kt:113)
	at org.jetbrains.kotlin.backend.common.phaser.PerformByIrFilePhase.invokeSequential(performByIrFile.kt:52)
	at org.jetbrains.kotlin.backend.common.phaser.PerformByIrFilePhase.invoke(performByIrFile.kt:42)
	at org.jetbrains.kotlin.backend.common.phaser.PerformByIrFilePhase.invoke(performByIrFile.kt:28)
	at org.jetbrains.kotlin.backend.common.phaser.NamedCompilerPhase.phaseBody(CompilerPhase.kt:166)
	at org.jetbrains.kotlin.backend.common.phaser.AbstractNamedCompilerPhase.invoke(CompilerPhase.kt:113)
	at org.jetbrains.kotlin.backend.common.phaser.CompositePhase.invoke(PhaseBuilders.kt:27)
	at org.jetbrains.kotlin.backend.common.phaser.CompositePhase.invoke(PhaseBuilders.kt:14)


