kotlin version: 2.1.10
error message: java.lang.OutOfMemoryError: GC overhead limit exceeded
	at org.jetbrains.kotlin.it.unimi.dsi.fastutil.ints.IntArrays.forceCapacity(IntArrays.java:107)
	at org.jetbrains.kotlin.it.unimi.dsi.fastutil.ints.IntArrayList.grow(IntArrayList.java:281)
	at org.jetbrains.kotlin.it.unimi.dsi.fastutil.ints.IntArrayList.add(IntArrayList.java:295)
	at org.jetbrains.kotlin.com.intellij.lang.impl.MarkerProduction.addMarker(MarkerProduction.java:78)
	at org.jetbrains.kotlin.com.intellij.lang.impl.PsiBuilderImpl.mark(PsiBuilderImpl.java:826)
	at org.jetbrains.kotlin.com.intellij.lang.impl.PsiBuilderAdapter.mark(PsiBuilderAdapter.java:92)
	at org.jetbrains.kotlin.parsing.AbstractKotlinParsing.mark(AbstractKotlinParsing.java:79)
	at org.jetbrains.kotlin.parsing.KotlinParsing.parseImportDirective(KotlinParsing.java:394)
	at org.jetbrains.kotlin.parsing.KotlinParsing.parseImportDirectives(KotlinParsing.java:472)
	at org.jetbrains.kotlin.parsing.KotlinParsing.parsePreamble(KotlinParsing.java:317)
	at org.jetbrains.kotlin.parsing.KotlinParsing.parseFile(KotlinParsing.java:177)
	at org.jetbrains.kotlin.parsing.KotlinLightParser.parse(KotlinLightParser.java:15)
	at org.jetbrains.kotlin.fir.lightTree.LightTree2Fir$Companion.buildLightTree(LightTree2Fir.kt:44)
	at org.jetbrains.kotlin.fir.lightTree.LightTree2Fir.buildFirFile(LightTree2Fir.kt:96)
	at org.jetbrains.kotlin.fir.pipeline.FirUtilsKt.buildFirViaLightTree(firUtils.kt:40)
	at org.jetbrains.kotlin.fir.pipeline.FirUtilsKt.buildResolveAndCheckFirViaLightTree(firUtils.kt:87)
	at org.jetbrains.kotlin.cli.jvm.compiler.pipeline.JvmCompilerPipelineLightTreeKt.compileModuleToAnalyzedFirViaLightTreeIncrementally(jvmCompilerPipelineLightTree.kt:347)
	at org.jetbrains.kotlin.cli.jvm.compiler.pipeline.JvmCompilerPipelineLightTreeKt.compileModuleToAnalyzedFirViaLightTree(jvmCompilerPipelineLightTree.kt:272)
	at org.jetbrains.kotlin.cli.jvm.compiler.pipeline.JvmCompilerPipelineLightTreeKt.compileModule(jvmCompilerPipelineLightTree.kt:250)
	at org.jetbrains.kotlin.cli.jvm.compiler.pipeline.JvmCompilerPipelineLightTreeKt.compileSingleModuleUsingFrontendIrAndLightTree(jvmCompilerPipelineLightTree.kt:231)
	at org.jetbrains.kotlin.cli.jvm.compiler.pipeline.JvmCompilerPipelineLightTreeKt.compileModulesUsingFrontendIrAndLightTree(jvmCompilerPipelineLightTree.kt:86)
	at org.jetbrains.kotlin.cli.jvm.K2JVMCompiler.doExecute(K2JVMCompiler.kt:146)
	at org.jetbrains.kotlin.cli.jvm.K2JVMCompiler.doExecute(K2JVMCompiler.kt:43)
	at org.jetbrains.kotlin.cli.common.CLICompiler.execImpl(CLICompiler.kt:102)
	at org.jetbrains.kotlin.cli.common.CLICompiler.exec(CLICompiler.kt:316)
	at org.jetbrains.kotlin.incremental.IncrementalJvmCompilerRunner.runCompiler(IncrementalJvmCompilerRunner.kt:464)
	at org.jetbrains.kotlin.incremental.IncrementalJvmCompilerRunner.runCompiler(IncrementalJvmCompilerRunner.kt:73)
	at org.jetbrains.kotlin.incremental.IncrementalCompilerRunner.doCompile(IncrementalCompilerRunner.kt:506)
	at org.jetbrains.kotlin.incremental.IncrementalCompilerRunner.compileImpl(IncrementalCompilerRunner.kt:423)
	at org.jetbrains.kotlin.incremental.IncrementalCompilerRunner.compileNonIncrementally(IncrementalCompilerRunner.kt:301)
	at org.jetbrains.kotlin.incremental.IncrementalCompilerRunner.compile(IncrementalCompilerRunner.kt:129)
	at org.jetbrains.kotlin.daemon.CompileServiceImplBase.execIncrementalCompiler(CompileServiceImpl.kt:683)


